// Jest Snapshot v1, https://goo.gl/fbAQLP

exports[`component/IssueRow renders markup correctly 1`] = `
<div
  className="sc-ifAKCX lHalS"
>
  <div
    className="sc-bdVaJa hiZeDy"
  >
    <svg
      fill="currentColor"
      height="1em"
      preserveAspectRatio="xMidYMid meet"
      style={
        Object {
          "color": undefined,
          "marginRight": "0.5em",
          "verticalAlign": "middle",
        }
      }
      viewBox="0 0 40 40"
      width="1em"
    >
      <g>
        <path
          d="m20.1 2.9q4.7 0 8.6 2.3t6.3 6.2 2.3 8.6-2.3 8.6-6.3 6.2-8.6 2.3-8.6-2.3-6.2-6.2-2.3-8.6 2.3-8.6 6.2-6.2 8.6-2.3z m2.9 27.8v-4.2q0-0.4-0.2-0.6t-0.5-0.2h-4.3q-0.3 0-0.5 0.2t-0.2 0.5v4.3q0 0.3 0.2 0.5t0.5 0.2h4.3q0.3 0 0.5-0.2t0.2-0.5z m0-7.7l0.4-13.8q0-0.3-0.3-0.5-0.2-0.1-0.5-0.1h-4.9q-0.3 0-0.5 0.1-0.3 0.2-0.3 0.4l0.4 13.9q0 0.2 0.2 0.4t0.6 0.2h4.1q0.3 0 0.5-0.2t0.3-0.4z"
        />
      </g>
    </svg>
  </div>
  <div
    className="sc-EHOje YINzU"
  >
    <div
      className="sc-bZQynM jdkaLI"
    >
      <a
        className="sc-gzVnrw dUTaIu"
        href="https://github.com/jekyll/jekyll-admin/issues/456"
        target="_blank"
      >
        Security issues
      </a>
      <div
        className="sc-iwsKbI bshbDz"
      />
      <div
        className="sc-gZMcBi hWXGrZ"
      />
    </div>
    <div
      className="sc-gqjmRU kNPpqd"
    >
      #456 opend on 2018-03-21T15:13:00Z by
       
      <a
        className="sc-htoDjs gjQERW"
        href="https://github.com/theunluckyone1"
        target="_blank"
      >
        theunluckyone1
      </a>
    </div>
  </div>
</div>
`;
